// Jest Snapshot v1, https://goo.gl/fbAQLP

exports[`Login Render sucess Login component 1`] = `
Object {
  "asFragment": [Function],
  "baseElement": <body>
    <div>
      <div
        class="login-container"
      >
        <div
          class="login-form"
        >
          <h2
            class="login-heading"
            data-testid="login-heading"
          >
            Sign In
          </h2>
          <form>
            <select
              class="user-select"
              data-testid="user-select"
            >
              <option
                value="quanlna1"
              >
                Quan Le Ngoc Anh
              </option>
              <option
                value="hiennt260"
              >
                Hien Nguyen Thuy
              </option>
              <option
                value="johndoe"
              >
                John Doe
              </option>
              <option
                value="zoshikanlu"
              >
                Zenobia Oshikanlu
              </option>
            </select>
            <button
              class="login-button"
              data-testid="loginBtn"
              type="submit"
            >
              Log In
            </button>
          </form>
        </div>
      </div>
    </div>
  </body>,
  "container": <div>
    <div
      class="login-container"
    >
      <div
        class="login-form"
      >
        <h2
          class="login-heading"
          data-testid="login-heading"
        >
          Sign In
        </h2>
        <form>
          <select
            class="user-select"
            data-testid="user-select"
          >
            <option
              value="quanlna1"
            >
              Quan Le Ngoc Anh
            </option>
            <option
              value="hiennt260"
            >
              Hien Nguyen Thuy
            </option>
            <option
              value="johndoe"
            >
              John Doe
            </option>
            <option
              value="zoshikanlu"
            >
              Zenobia Oshikanlu
            </option>
          </select>
          <button
            class="login-button"
            data-testid="loginBtn"
            type="submit"
          >
            Log In
          </button>
        </form>
      </div>
    </div>
  </div>,
  "debug": [Function],
  "findAllByAltText": [Function],
  "findAllByDisplayValue": [Function],
  "findAllByLabelText": [Function],
  "findAllByPlaceholderText": [Function],
  "findAllByRole": [Function],
  "findAllByTestId": [Function],
  "findAllByText": [Function],
  "findAllByTitle": [Function],
  "findByAltText": [Function],
  "findByDisplayValue": [Function],
  "findByLabelText": [Function],
  "findByPlaceholderText": [Function],
  "findByRole": [Function],
  "findByTestId": [Function],
  "findByText": [Function],
  "findByTitle": [Function],
  "getAllByAltText": [Function],
  "getAllByDisplayValue": [Function],
  "getAllByLabelText": [Function],
  "getAllByPlaceholderText": [Function],
  "getAllByRole": [Function],
  "getAllByTestId": [Function],
  "getAllByText": [Function],
  "getAllByTitle": [Function],
  "getByAltText": [Function],
  "getByDisplayValue": [Function],
  "getByLabelText": [Function],
  "getByPlaceholderText": [Function],
  "getByRole": [Function],
  "getByTestId": [Function],
  "getByText": [Function],
  "getByTitle": [Function],
  "queryAllByAltText": [Function],
  "queryAllByDisplayValue": [Function],
  "queryAllByLabelText": [Function],
  "queryAllByPlaceholderText": [Function],
  "queryAllByRole": [Function],
  "queryAllByTestId": [Function],
  "queryAllByText": [Function],
  "queryAllByTitle": [Function],
  "queryByAltText": [Function],
  "queryByDisplayValue": [Function],
  "queryByLabelText": [Function],
  "queryByPlaceholderText": [Function],
  "queryByRole": [Function],
  "queryByTestId": [Function],
  "queryByText": [Function],
  "queryByTitle": [Function],
  "rerender": [Function],
  "unmount": [Function],
}
`;

exports[`Login Renders Login component successfully 1`] = `
Object {
  "asFragment": [Function],
  "baseElement": <body>
    <div>
      <div
        class="login-container"
      >
        <div
          class="login-form"
        >
          <h2
            class="login-heading"
            data-testid="login-heading"
          >
            Sign In
          </h2>
          <form>
            <select
              class="user-select"
              data-testid="user-select"
            >
              <option
                value="quanlna1"
              >
                Quan Le Ngoc Anh
              </option>
              <option
                value="hiennt260"
              >
                Hien Nguyen Thuy
              </option>
              <option
                value="johndoe"
              >
                John Doe
              </option>
              <option
                value="zoshikanlu"
              >
                Zenobia Oshikanlu
              </option>
            </select>
            <button
              class="login-button"
              data-testid="loginBtn"
              type="submit"
            >
              Log In
            </button>
          </form>
        </div>
      </div>
    </div>
  </body>,
  "container": <div>
    <div
      class="login-container"
    >
      <div
        class="login-form"
      >
        <h2
          class="login-heading"
          data-testid="login-heading"
        >
          Sign In
        </h2>
        <form>
          <select
            class="user-select"
            data-testid="user-select"
          >
            <option
              value="quanlna1"
            >
              Quan Le Ngoc Anh
            </option>
            <option
              value="hiennt260"
            >
              Hien Nguyen Thuy
            </option>
            <option
              value="johndoe"
            >
              John Doe
            </option>
            <option
              value="zoshikanlu"
            >
              Zenobia Oshikanlu
            </option>
          </select>
          <button
            class="login-button"
            data-testid="loginBtn"
            type="submit"
          >
            Log In
          </button>
        </form>
      </div>
    </div>
  </div>,
  "debug": [Function],
  "findAllByAltText": [Function],
  "findAllByDisplayValue": [Function],
  "findAllByLabelText": [Function],
  "findAllByPlaceholderText": [Function],
  "findAllByRole": [Function],
  "findAllByTestId": [Function],
  "findAllByText": [Function],
  "findAllByTitle": [Function],
  "findByAltText": [Function],
  "findByDisplayValue": [Function],
  "findByLabelText": [Function],
  "findByPlaceholderText": [Function],
  "findByRole": [Function],
  "findByTestId": [Function],
  "findByText": [Function],
  "findByTitle": [Function],
  "getAllByAltText": [Function],
  "getAllByDisplayValue": [Function],
  "getAllByLabelText": [Function],
  "getAllByPlaceholderText": [Function],
  "getAllByRole": [Function],
  "getAllByTestId": [Function],
  "getAllByText": [Function],
  "getAllByTitle": [Function],
  "getByAltText": [Function],
  "getByDisplayValue": [Function],
  "getByLabelText": [Function],
  "getByPlaceholderText": [Function],
  "getByRole": [Function],
  "getByTestId": [Function],
  "getByText": [Function],
  "getByTitle": [Function],
  "queryAllByAltText": [Function],
  "queryAllByDisplayValue": [Function],
  "queryAllByLabelText": [Function],
  "queryAllByPlaceholderText": [Function],
  "queryAllByRole": [Function],
  "queryAllByTestId": [Function],
  "queryAllByText": [Function],
  "queryAllByTitle": [Function],
  "queryByAltText": [Function],
  "queryByDisplayValue": [Function],
  "queryByLabelText": [Function],
  "queryByPlaceholderText": [Function],
  "queryByRole": [Function],
  "queryByTestId": [Function],
  "queryByText": [Function],
  "queryByTitle": [Function],
  "rerender": [Function],
  "unmount": [Function],
}
`;
